// Jest Snapshot v1, https://goo.gl/fbAQLP

exports[`renders correctly 1`] = `
<div
  className="relative"
>
  <img
    alt="Item Condition"
    className="z-0 text-blue-400"
    data-nimg="1"
    decoding="async"
    height={39}
    loading="lazy"
    onError={[Function]}
    onLoad={[Function]}
    src="/conditionLabelVector.svg"
    style={
      Object {
        "color": "transparent",
      }
    }
    width={139}
  />
  <div
    className="font-jost font-extrabold text-sm text-bkg absolute bottom-1 left-2 w-fit"
  >
    $
  </div>
</div>
`;
