// Jest Snapshot v1, https://goo.gl/fbAQLP

exports[`renders correctly 1`] = `
<div
  className="transition  z-50  animate-wiggle
            "
  onKeyDown={[Function]}
>
  <div
    className=" relative flex h-16 items-center justify-between text-titleContent "
  >
    <a
      href="/"
      onClick={[Function]}
      onMouseEnter={[Function]}
      onTouchStart={[Function]}
    >
      <div
        className="flex flex-shrink-0 items-center"
      >
        <h1
          className="tracking-widest font-lato font-semibold text-2xl px-5"
        >
          MiniStore
        </h1>
      </div>
    </a>
    <div
      className="absolute inset-y-0 right-0 flex items-center sm:hidden "
    >
      <button
        className="absolute right-0 items-center justify-center rounded-md p-2 hover:bg-accent hover:text-white focus:outline-none focus:ring-2 focus:ring-inset focus:ring-white"
      >
        <svg
          aria-hidden="true"
          className="block h-8 w-8"
          fill="currentColor"
          height="1em"
          stroke="currentColor"
          strokeWidth="0"
          style={
            Object {
              "color": undefined,
            }
          }
          viewBox="0 0 24 24"
          width="1em"
          xmlns="http://www.w3.org/2000/svg"
        >
          <path
            d="M2 15h7v7h2v-9H2v2zM15 2h-2v9h9V9h-7V2z"
          />
        </svg>
      </button>
    </div>
  </div>
  <div
    className="space-y-1 mt-5 px-2 pt-2 pb-3 flex flex-col justify-start "
  />
</div>
`;
