// Jest Snapshot v1, https://goo.gl/fbAQLP

exports[`renders correctly 1`] = `
<div
  className="transition  z-50  animate-wiggle
            "
  onKeyDown={[Function]}
>
  <div
    className=" relative flex h-16 items-center justify-between text-titleContent "
  >
    <a
      href="/"
      onClick={[Function]}
      onMouseEnter={[Function]}
      onTouchStart={[Function]}
    >
      <div
        className="flex flex-shrink-0 items-center"
      >
        <h1
          className="tracking-widest font-lato font-semibold text-2xl px-5"
        >
          MiniStore
        </h1>
      </div>
    </a>
    <div
      className="absolute inset-y-0 right-0 flex items-center sm:hidden "
    >
      <button
        className="absolute right-0 items-center justify-center rounded-md p-2 hover:bg-accent hover:text-white focus:outline-none focus:ring-2 focus:ring-inset focus:ring-white"
      >
        <svg
          aria-hidden="true"
          className="block h-8 w-8"
          fill="currentColor"
          height="1em"
          stroke="currentColor"
          strokeWidth="0"
          style={
            Object {
              "color": undefined,
            }
          }
          viewBox="0 0 24 24"
          width="1em"
          xmlns="http://www.w3.org/2000/svg"
        >
          <path
            d="M2 15h7v7h2v-9H2v2zM15 2h-2v9h9V9h-7V2z"
          />
        </svg>
      </button>
    </div>
  </div>
  <div
    className="space-y-1 mt-5 px-2 pt-2 pb-3 flex flex-col justify-start "
  >
    <a
      className="  hover:bg-accent hover:text-white rounded-md px-3 py-2 text-xl font-medium "
      href="/profile?page=form"
      onClick={[Function]}
      onMouseEnter={[Function]}
      onTouchStart={[Function]}
    >
      <button
        className="w-full flex justify-start items-center "
      >
        <svg
          aria-hidden="true"
          className="block h-6 w-6 mr-2"
          fill="currentColor"
          height="1em"
          stroke="currentColor"
          strokeWidth="0"
          style={
            Object {
              "color": undefined,
            }
          }
          viewBox="0 0 24 24"
          width="1em"
          xmlns="http://www.w3.org/2000/svg"
        >
          <path
            d="M12 2a5 5 0 1 0 5 5 5 5 0 0 0-5-5zm0 8a3 3 0 1 1 3-3 3 3 0 0 1-3 3zm9 11v-1a7 7 0 0 0-7-7h-4a7 7 0 0 0-7 7v1h2v-1a5 5 0 0 1 5-5h4a5 5 0 0 1 5 5v1z"
          />
        </svg>
        <h2>
          Profile
        </h2>
      </button>
    </a>
    <a
      className=" hover:bg-accent hover:text-white font-jost text-accent rounded-md px-3 py-2 text-xl font-medium tracking-widest"
      href="/dashboard?type=borrowings"
      onClick={[Function]}
      onMouseEnter={[Function]}
      onTouchStart={[Function]}
    >
      <button
        className="w-full flex justify-start "
      >
        My Borrowings
      </button>
    </a>
    <a
      className=" hover:bg-accent hover:text-white font-jost text-accent rounded-md px-3 py-2 text-xl font-medium tracking-widest"
      href="/dashboard?type=lendings"
      onClick={[Function]}
      onMouseEnter={[Function]}
      onTouchStart={[Function]}
    >
      <button
        className="w-full flex justify-start "
      >
        My Lendings
      </button>
    </a>
    <a
      className=" hover:bg-accent hover:text-white font-jost text-accent rounded-md px-3 py-2 text-xl font-medium tracking-widest"
      href="/dashboard?type=purchases"
      onClick={[Function]}
      onMouseEnter={[Function]}
      onTouchStart={[Function]}
    >
      <button
        className="w-full flex justify-start "
      >
        My Purchases
      </button>
    </a>
    <a
      className=" hover:bg-accent hover:text-white font-jost text-accent rounded-md px-3 py-2 text-xl font-medium tracking-widest"
      href="/dashboard?type=sales"
      onClick={[Function]}
      onMouseEnter={[Function]}
      onTouchStart={[Function]}
    >
      <button
        className="w-full flex justify-start "
      >
        My Sales
      </button>
    </a>
    <a
      className=" hover:bg-accent hover:text-white font-jost text-accent rounded-md px-3 py-2 text-xl font-medium tracking-widest"
      href="/dashboard?type=List+an+Item"
      onClick={[Function]}
      onMouseEnter={[Function]}
      onTouchStart={[Function]}
    >
      <button
        className="w-full flex justify-start "
      >
        List an Item
      </button>
    </a>
    <div
      className="  hover:bg-accent hover:text-white rounded-md px-3 py-2 text-xl font-medium "
    >
      <div>
        <div
          className="flex justify-center items-center"
        >
          <svg
            className="h-8 w-8 animate-spin duration-150 text-accent2"
            fill="currentColor"
            height="1em"
            stroke="currentColor"
            strokeWidth="0"
            style={
              Object {
                "color": undefined,
              }
            }
            viewBox="0 0 512 512"
            width="1em"
            xmlns="http://www.w3.org/2000/svg"
          >
            <path
              d="M304 48c0 26.51-21.49 48-48 48s-48-21.49-48-48 21.49-48 48-48 48 21.49 48 48zm-48 368c-26.51 0-48 21.49-48 48s21.49 48 48 48 48-21.49 48-48-21.49-48-48-48zm208-208c-26.51 0-48 21.49-48 48s21.49 48 48 48 48-21.49 48-48-21.49-48-48-48zM96 256c0-26.51-21.49-48-48-48S0 229.49 0 256s21.49 48 48 48 48-21.49 48-48zm12.922 99.078c-26.51 0-48 21.49-48 48s21.49 48 48 48 48-21.49 48-48c0-26.509-21.491-48-48-48zm294.156 0c-26.51 0-48 21.49-48 48s21.49 48 48 48 48-21.49 48-48c0-26.509-21.49-48-48-48zM108.922 60.922c-26.51 0-48 21.49-48 48s21.49 48 48 48 48-21.49 48-48-21.491-48-48-48z"
            />
          </svg>
        </div>
      </div>
    </div>
  </div>
</div>
`;
