// Jest Snapshot v1, https://goo.gl/fbAQLP

exports[`renders correctly 1`] = `
<a
  className="group w-fit border border-gray-300/80 shadow-md py-2 px-1 rounded-md pt-1 "
  href="/products/5"
  onClick={[Function]}
  onMouseEnter={[Function]}
  onTouchStart={[Function]}
>
  <div
    className="relative rounded-md bg-gray-200  group-hover:opacity-75 overflow-hidden "
  >
    <img
      alt="Classic literature set"
      className="object-cover object-center group-hover:scale-125 transition-all ease-in"
      data-nimg="1"
      decoding="async"
      height={387}
      loading="lazy"
      onError={[Function]}
      onLoad={[Function]}
      src="/_next/image?url=https%3A%2F%2Fimages.placeholders.dev%2F%3Fwidth%3D100%26height%3D100&w=640&q=75"
      srcSet="/_next/image?url=https%3A%2F%2Fimages.placeholders.dev%2F%3Fwidth%3D100%26height%3D100&w=384&q=75 1x, /_next/image?url=https%3A%2F%2Fimages.placeholders.dev%2F%3Fwidth%3D100%26height%3D100&w=640&q=75 2x"
      style={
        Object {
          "color": "transparent",
        }
      }
      width={306}
    />
    <div
      className="absolute bottom-0 left-0 mt-6 text-black"
    >
      <div
        className="relative"
      >
        <img
          alt="Item Condition"
          className="z-0 text-blue-400"
          data-nimg="1"
          decoding="async"
          height={39}
          loading="lazy"
          onError={[Function]}
          onLoad={[Function]}
          src="/conditionLabelVector.svg"
          style={
            Object {
              "color": "transparent",
            }
          }
          width={139}
        />
        <div
          className="font-jost font-extrabold text-sm text-bkg absolute bottom-1 left-2"
        >
          State
          : 
          8/10
        </div>
      </div>
    </div>
     
  </div>
  <div
    className="mt-3 flex "
  >
    <div
      className="product-infos"
    >
      <div
        className="font-jost text-sm  text-titleContent"
      />
      <div
        className="mt-1 text-xl font-jost  text-gray-900"
      >
        Classic literature set
      </div>
      <div />
    </div>
    <div
      className="ml-auto  i"
    >
       
      <div
        className="capitalize flex justify-center text-center items-center font-jost font-bold rounded-full bg-secondaryGreen text-white text-sm w-[105px] h-[26px]"
      >
        Index
      </div>
    </div>
  </div>
</a>
`;
