// Jest Snapshot v1, https://goo.gl/fbAQLP

exports[`renders correctly 1`] = `
<nav
  className="text-navbar absolute z-20 w-full text-black"
>
  <div
    className="mx-auto px-2 sm:px-6 lg:px-8 "
  >
    <div
      className="relative flex h-16 items-center justify-between"
    >
      <button
        className=" sm:hidden inline-flex items-center justify-center rounded-md p-2  hover:bg-accent2 hover:text-white focus:outline-none focus:ring-2 focus:ring-inset focus:ring-white transition-all duration-300 ease-in-out"
        onClick={[Function]}
      >
        <svg
          aria-hidden="true"
          className="block h-8 w-8"
          fill="currentColor"
          height="1em"
          stroke="currentColor"
          strokeWidth="0"
          style={
            Object {
              "color": undefined,
            }
          }
          viewBox="0 0 24 24"
          width="1em"
          xmlns="http://www.w3.org/2000/svg"
        >
          <path
            d="M4 6h16v2H4zm4 5h12v2H8zm5 5h7v2h-7z"
          />
        </svg>
      </button>
      <div
        className="flex flex-1 items-center justify-between"
      >
        <a
          href="/"
          onClick={[Function]}
          onMouseEnter={[Function]}
          onTouchStart={[Function]}
        >
          <div
            className="flex flex-shrink-0 items-center  w-1/3"
          >
            <h1
              className=" tracking-widest font-lato font-semibold text-2xl px-5"
            >
              MiniStore
              .
            </h1>
          </div>
        </a>
        <div
          className="hidden md:block"
        >
          <div
            className=" flex-1  flex space-x-4 items-center "
          >
            <a
              href="/"
              onClick={[Function]}
              onMouseEnter={[Function]}
              onTouchStart={[Function]}
            >
              <div
                className=" hover:bg-accent hover:text-white block rounded-md px-3 py-2 text-sm lg:text-base font-semibold font-lato antialiased tracking-widest"
              >
                Home
              </div>
            </a>
            <a
              href="/products"
              onClick={[Function]}
              onMouseEnter={[Function]}
              onTouchStart={[Function]}
            >
              <div
                className=" hover:bg-accent hover:text-white block rounded-md px-3 py-2 text-sm lg:text-base font-semibold font-lato antialiased tracking-widest"
              >
                Products
              </div>
            </a>
            <a
              href="/donate"
              onClick={[Function]}
              onMouseEnter={[Function]}
              onTouchStart={[Function]}
            >
              <div
                className=" hover:bg-accent hover:text-white block rounded-md px-3 py-2 text-sm lg:text-base font-semibold font-lato antialiased tracking-widest"
              >
                Donate
              </div>
            </a>
          </div>
        </div>
        <div
          className="flex spacing-x-5 items-center md:hidden "
        >
          <div>
            <div
              className="flex justify-center items-center"
            >
              <svg
                className="h-6 w-6 animate-spin duration-150 text-accent2"
                fill="currentColor"
                height="1em"
                stroke="currentColor"
                strokeWidth="0"
                style={
                  Object {
                    "color": undefined,
                  }
                }
                viewBox="0 0 512 512"
                width="1em"
                xmlns="http://www.w3.org/2000/svg"
              >
                <path
                  d="M304 48c0 26.51-21.49 48-48 48s-48-21.49-48-48 21.49-48 48-48 48 21.49 48 48zm-48 368c-26.51 0-48 21.49-48 48s21.49 48 48 48 48-21.49 48-48-21.49-48-48-48zm208-208c-26.51 0-48 21.49-48 48s21.49 48 48 48 48-21.49 48-48-21.49-48-48-48zM96 256c0-26.51-21.49-48-48-48S0 229.49 0 256s21.49 48 48 48 48-21.49 48-48zm12.922 99.078c-26.51 0-48 21.49-48 48s21.49 48 48 48 48-21.49 48-48c0-26.509-21.491-48-48-48zm294.156 0c-26.51 0-48 21.49-48 48s21.49 48 48 48 48-21.49 48-48c0-26.509-21.49-48-48-48zM108.922 60.922c-26.51 0-48 21.49-48 48s21.49 48 48 48 48-21.49 48-48-21.491-48-48-48z"
                />
              </svg>
            </div>
          </div>
          <div
            className="mx-auto cursor-pointer"
          >
            <form
              action=""
              className="flex sm:relative mx-auto"
            >
              <svg
                className="sm:mr-4 z-10 cursor-pointer my-auto h-6 w-6 hover:text-accent false text-black"
                fill="currentColor"
                height="1em"
                onClick={[Function]}
                stroke="currentColor"
                strokeWidth="0"
                style={
                  Object {
                    "color": undefined,
                  }
                }
                viewBox="0 0 16 16"
                width="1em"
                xmlns="http://www.w3.org/2000/svg"
              >
                <path
                  d="M11.742 10.344a6.5 6.5 0 1 0-1.397 1.398h-.001c.03.04.062.078.098.115l3.85 3.85a1 1 0 0 0 1.415-1.414l-3.85-3.85a1.007 1.007 0 0 0-.115-.1zM12 6.5a5.5 5.5 0 1 1-11 0 5.5 5.5 0 0 1 11 0z"
                />
              </svg>
            </form>
          </div>
        </div>
        <div
          className="hidden md:block"
        >
          <div
            className="flex space-x-4 items-center"
          >
            <div
              className="mx-auto cursor-pointer"
            >
              <form
                action=""
                className="flex sm:relative mx-auto"
              >
                <svg
                  className="sm:mr-4 z-10 cursor-pointer my-auto h-6 w-6 hover:text-accent false text-black"
                  fill="currentColor"
                  height="1em"
                  onClick={[Function]}
                  stroke="currentColor"
                  strokeWidth="0"
                  style={
                    Object {
                      "color": undefined,
                    }
                  }
                  viewBox="0 0 16 16"
                  width="1em"
                  xmlns="http://www.w3.org/2000/svg"
                >
                  <path
                    d="M11.742 10.344a6.5 6.5 0 1 0-1.397 1.398h-.001c.03.04.062.078.098.115l3.85 3.85a1 1 0 0 0 1.415-1.414l-3.85-3.85a1.007 1.007 0 0 0-.115-.1zM12 6.5a5.5 5.5 0 1 1-11 0 5.5 5.5 0 0 1 11 0z"
                  />
                </svg>
              </form>
            </div>
            <div>
              <div
                className="flex justify-center items-center"
              >
                <svg
                  className="h-6 w-6 animate-spin duration-150 text-accent2"
                  fill="currentColor"
                  height="1em"
                  stroke="currentColor"
                  strokeWidth="0"
                  style={
                    Object {
                      "color": undefined,
                    }
                  }
                  viewBox="0 0 512 512"
                  width="1em"
                  xmlns="http://www.w3.org/2000/svg"
                >
                  <path
                    d="M304 48c0 26.51-21.49 48-48 48s-48-21.49-48-48 21.49-48 48-48 48 21.49 48 48zm-48 368c-26.51 0-48 21.49-48 48s21.49 48 48 48 48-21.49 48-48-21.49-48-48-48zm208-208c-26.51 0-48 21.49-48 48s21.49 48 48 48 48-21.49 48-48-21.49-48-48-48zM96 256c0-26.51-21.49-48-48-48S0 229.49 0 256s21.49 48 48 48 48-21.49 48-48zm12.922 99.078c-26.51 0-48 21.49-48 48s21.49 48 48 48 48-21.49 48-48c0-26.509-21.491-48-48-48zm294.156 0c-26.51 0-48 21.49-48 48s21.49 48 48 48 48-21.49 48-48c0-26.509-21.49-48-48-48zM108.922 60.922c-26.51 0-48 21.49-48 48s21.49 48 48 48 48-21.49 48-48-21.491-48-48-48z"
                  />
                </svg>
              </div>
            </div>
          </div>
        </div>
      </div>
    </div>
  </div>
</nav>
`;
