// Jest Snapshot v1, https://goo.gl/fbAQLP

exports[`renders correctly 1`] = `
<div
  className="w-full shadow-2xl bg-slate-50 overflow-hidden carousel-container"
>
  <div
    className="carousel w-full h-screen relative"
    onTouchEnd={[Function]}
    onTouchMove={[Function]}
    onTouchStart={[Function]}
  >
    <div
      className="carousel__item "
      style={
        Object {
          "backgroundImage": "url(https://images.unsplash.com/photo-1600431521340-491eca880813?auto=format&fit=crop&q=80&w=2069&ixlib=rb-4.0.3&ixid=M3wxMjA3fDB8MHxwaG90by1wYWdlfHx8fGVufDB8fHx8fA%3D%3D)",
        }
      }
    >
      <div
        className="content left-5 sm:left-24"
      >
        <h1
          className="title text-6xl sm:text-8xl w-96 bold font-sans  uppercase"
        >
          Books
        </h1>
        <p
          className="des mt-4 w-96 sm:w-[600px]"
        >
          Lorem ipsum dolor sit amet consectetur adipisicing elit. Voluptas molestiae repellendus mollitia nobis.
        </p>
        <a
          className="bg-white py-2 px-4 text-gray-700 hover:bg-gray-300 focus:bg-gray-300"
          href="products?category=books"
          onClick={[Function]}
          onMouseEnter={[Function]}
          onTouchStart={[Function]}
        >
          See More
        </a>
      </div>
    </div>
    <div
      className="carousel__item "
      style={
        Object {
          "backgroundImage": "url(https://images.unsplash.com/photo-1602250515024-54689dcb1590?auto=format&fit=crop&q=80&w=2070&ixlib=rb-4.0.3&ixid=M3wxMjA3fDB8MHxwaG90by1wYWdlfHx8fGVufDB8fHx8fA%3D%3D)",
        }
      }
    >
      <div
        className="content left-5 sm:left-24"
      >
        <h1
          className="title text-6xl sm:text-8xl w-96 bold font-sans  uppercase"
        >
          Sports Equipements
        </h1>
        <p
          className="des mt-4 w-96 sm:w-[600px]"
        >
          Lorem ipsum dolor sit amet consectetur adipisicing elit. Voluptas molestiae repellendus mollitia nobis.
        </p>
        <a
          className="bg-white py-2 px-4 text-gray-700 hover:bg-gray-300 focus:bg-gray-300"
          href="products?category=sports"
          onClick={[Function]}
          onMouseEnter={[Function]}
          onTouchStart={[Function]}
        >
          See More
        </a>
      </div>
    </div>
    <div
      className="carousel__item "
      style={
        Object {
          "backgroundImage": "url(https://images.unsplash.com/photo-1563074409-5c5d31af4e94?auto=format&fit=crop&q=80&w=2070&ixlib=rb-4.0.3&ixid=M3wxMjA3fDB8MHxwaG90by1wYWdlfHx8fGVufDB8fHx8fA%3D%3D)",
        }
      }
    >
      <div
        className="content left-5 sm:left-24"
      >
        <h1
          className="title text-6xl sm:text-8xl w-96 bold font-sans  uppercase"
        >
          Clothing
        </h1>
        <p
          className="des mt-4 w-96 sm:w-[600px]"
        >
          Lorem ipsum dolor sit amet consectetur adipisicing elit. Voluptas molestiae repellendus mollitia nobis.
        </p>
        <a
          className="bg-white py-2 px-4 text-gray-700 hover:bg-gray-300 focus:bg-gray-300"
          href="products?category=clothing"
          onClick={[Function]}
          onMouseEnter={[Function]}
          onTouchStart={[Function]}
        >
          See More
        </a>
      </div>
    </div>
    <div
      className="carousel__item "
      style={
        Object {
          "backgroundImage": "url(https://images.unsplash.com/flagged/photo-1580234820596-0876d136e6d5?auto=format&fit=crop&q=80&w=2067&ixlib=rb-4.0.3&ixid=M3wxMjA3fDB8MHxwaG90by1wYWdlfHx8fGVufDB8fHx8fA%3D%3D)",
        }
      }
    >
      <div
        className="content left-5 sm:left-24"
      >
        <h1
          className="title text-6xl sm:text-8xl w-96 bold font-sans  uppercase"
        >
          Games
        </h1>
        <p
          className="des mt-4 w-96 sm:w-[600px]"
        >
          Lorem ipsum dolor sit amet consectetur adipisicing elit. Voluptas molestiae repellendus mollitia nobis.
        </p>
        <a
          className="bg-white py-2 px-4 text-gray-700 hover:bg-gray-300 focus:bg-gray-300"
          href="products?category=games"
          onClick={[Function]}
          onMouseEnter={[Function]}
          onTouchStart={[Function]}
        >
          See More
        </a>
      </div>
    </div>
    <div
      className="carousel__item "
      style={
        Object {
          "backgroundImage": "url(https://images.unsplash.com/photo-1593642632823-8f785ba67e45?auto=format&fit=crop&q=80&w=1932&ixlib=rb-4.0.3&ixid=M3wxMjA3fDB8MHxwaG90by1wYWdlfHx8fGVufDB8fHx8fA%3D%3D)",
        }
      }
    >
      <div
        className="content left-5 sm:left-24"
      >
        <h1
          className="title text-6xl sm:text-8xl w-96 bold font-sans  uppercase"
        >
          Electronics
        </h1>
        <p
          className="des mt-4 w-96 sm:w-[600px]"
        >
          Lorem ipsum dolor sit amet consectetur adipisicing elit. Voluptas molestiae repellendus mollitia nobis.
        </p>
        <a
          className="bg-white py-2 px-4 text-gray-700 hover:bg-gray-300 focus:bg-gray-300"
          href="products?category=electronics"
          onClick={[Function]}
          onMouseEnter={[Function]}
          onTouchStart={[Function]}
        >
          See More
        </a>
      </div>
    </div>
    <div
      className="carousel__item "
      style={
        Object {
          "backgroundImage": "url(https://images.unsplash.com/photo-1590794056470-74f3ade8ddd9?auto=format&fit=crop&q=80&w=2051&ixlib=rb-4.0.3&ixid=M3wxMjA3fDB8MHxwaG90by1wYWdlfHx8fGVufDB8fHx8fA%3D%3D)",
        }
      }
    >
      <div
        className="content left-5 sm:left-24"
      >
        <h1
          className="title text-6xl sm:text-8xl w-96 bold font-sans  uppercase"
        >
          Kitchen Cookwares
        </h1>
        <p
          className="des mt-4 w-96 sm:w-[600px]"
        >
          Lorem ipsum dolor sit amet consectetur adipisicing elit. Voluptas molestiae repellendus mollitia nobis.
        </p>
        <a
          className="bg-white py-2 px-4 text-gray-700 hover:bg-gray-300 focus:bg-gray-300"
          href="products?category=kitchen"
          onClick={[Function]}
          onMouseEnter={[Function]}
          onTouchStart={[Function]}
        >
          See More
        </a>
      </div>
    </div>
  </div>
  <div
    className="buttons hidden sm:block absolute left-1/2 bottom-10 z-30"
  >
    <button
      className="prev group border rounded-full p-5 ml-6 z-50 hover:bg-white transition duration-200 "
      onClick={[Function]}
    >
      <svg
        className="text-white group-hover:text-gray-500 w-7 h-7"
        fill="currentColor"
        height="1em"
        stroke="currentColor"
        strokeWidth="0"
        style={
          Object {
            "color": undefined,
          }
        }
        viewBox="0 0 24 24"
        width="1em"
        xmlns="http://www.w3.org/2000/svg"
      >
        <path
          d="M0 0h24v24H0z"
          fill="none"
        />
        <path
          d="M15.41 7.41L14 6l-6 6 6 6 1.41-1.41L10.83 12z"
        />
      </svg>
    </button>
    <button
      className="next group border rounded-full p-5 ml-8  hover:bg-white  transition duration-200 "
      onClick={[Function]}
    >
      <svg
        className="text-white w-7 h-7 group-hover:text-gray-500"
        fill="currentColor"
        height="1em"
        stroke="currentColor"
        strokeWidth="0"
        style={
          Object {
            "color": undefined,
          }
        }
        viewBox="0 0 24 24"
        width="1em"
        xmlns="http://www.w3.org/2000/svg"
      >
        <path
          d="M0 0h24v24H0z"
          fill="none"
        />
        <path
          d="M10 6L8.59 7.41 13.17 12l-4.58 4.59L10 18l6-6z"
        />
      </svg>
    </button>
  </div>
</div>
`;
