// Jest Snapshot v1, https://goo.gl/fbAQLP

exports[`renders correctly 1`] = `
<div
  className="font-lato font-semibold text-xl text-titleContent sm:flex justify-center w-[940px] h-16 hidden sm:block"
>
  <div
    className="flex justify-between items-center text-center space-x-4 mb-4  w-[630px] "
  >
    <div
      className=" hover:underline"
    >
      All
    </div>
    <div
      className=" hover:underline"
    >
      Awaiting Pickup
    </div>
    <div
      className=" hover:underline"
    >
      Active
    </div>
    <div
      className=" hover:underline"
    >
      Completed
    </div>
  </div>
  <div
    className="ml-48 mb-4 sort-list flex items-center "
  >
    <label
      className="sort-label pr-2  hover:underline"
    >
      Sort:
    </label>
    <select
      className="font-lato text-secondaryGray text-xl sort-select px-2 h-16 w-44 border-2 rounded-lg"
    >
      <option
        className="text-secondaryGray hover:bg-accent hover:text-white h-16 w-44"
        value="newest"
      >
        Newest
      </option>
      <option
        className="text-secondaryGray hover:bg-accent hover:text-white h-16 w-44"
        value="oldest"
      >
        Oldest
      </option>
    </select>
  </div>
</div>
`;
