// Jest Snapshot v1, https://goo.gl/fbAQLP

exports[`renders correctly 1`] = `
<div
  className="flex flex-col"
>
  <p
    className="text-titleContent text-3xl capitalize-words text-center font-jost tracking-wide "
  >
    They Said About Us
  </p>
  <div
    className="flex justify-center items-center h-96  "
  />
</div>
`;
