// Jest Snapshot v1, https://goo.gl/fbAQLP

exports[`render correctly 1`] = `
<div
  className="sm:w-16 sm:h-16 w-8 h-8 border-gray-500 rounded-full flex items-center justify-center drop-shadow p-4 "
  style={
    Object {
      "background": "lavender",
      "backgroundSize": "cover",
    }
  }
/>
`;
