// Jest Snapshot v1, https://goo.gl/fbAQLP

exports[`renders correctly 1`] = `
<div
  className="py-20   content-evenly"
  style={
    Object {
      "width": "1000px",
    }
  }
>
  <p
    className="text-titleContent text-3xl capitalize-words text-center font-jost tracking-wide py-14"
  >
    recently added
  </p>
  <div
    className="flex flex-wrap items-center justify-center gap-5 "
  >
    <div>
      <div
        className=" bg-white"
      >
        <div
          className="mx-auto max-w-2xl   lg:max-w-7xl "
        >
          <div
            className="group relative"
          >
            <div
              className="relative w-full overflow-hidden rounded-md bg-gray-200  group-hover:opacity-75 lg:h-80"
            >
              <a
                href="/product/0"
                onClick={[Function]}
                onMouseEnter={[Function]}
                onTouchStart={[Function]}
              >
                <img
                  className="h-full w-full object-cover object-center lg:h-full lg:w-full"
                  data-nimg="1"
                  decoding="async"
                  height={500}
                  loading="lazy"
                  onError={[Function]}
                  onLoad={[Function]}
                  src="/_next/image?url=https%3A%2F%2Ftailwindui.com%2Fimg%2Fecommerce-images%2Fproduct-page-01-related-product-01.jpg&w=1080&q=75"
                  srcSet="/_next/image?url=https%3A%2F%2Ftailwindui.com%2Fimg%2Fecommerce-images%2Fproduct-page-01-related-product-01.jpg&w=640&q=75 1x, /_next/image?url=https%3A%2F%2Ftailwindui.com%2Fimg%2Fecommerce-images%2Fproduct-page-01-related-product-01.jpg&w=1080&q=75 2x"
                  style={
                    Object {
                      "color": "transparent",
                    }
                  }
                  width={500}
                />
              </a>
              <div
                className="absolute bottom-0 left-0 mt-6 text-black"
              >
                <div
                  className="relative"
                >
                  <img
                    alt="Item Condition"
                    className="z-0"
                    data-nimg="1"
                    decoding="async"
                    height={39}
                    loading="lazy"
                    onError={[Function]}
                    onLoad={[Function]}
                    src="/conditionLabelVector.svg"
                    style={
                      Object {
                        "color": "transparent",
                      }
                    }
                    width={139}
                  />
                  <div
                    className="font-jost font-extrabold text-sm text-bkg absolute bottom-1 left-2"
                  >
                    State
                    : 
                    7/10
                  </div>
                </div>
              </div>
               
            </div>
            <div
              className="mt-3 flex justify-between"
            >
              <div>
                <h3
                  className="font-jost text-sm font-semibold text-titleContent"
                >
                  <a
                    href="/category"
                    onClick={[Function]}
                    onMouseEnter={[Function]}
                    onTouchStart={[Function]}
                  >
                    <div
                      aria-hidden="true"
                    />
                    Books
                  </a>
                </h3>
                <a
                  href="/product/0"
                  onClick={[Function]}
                  onMouseEnter={[Function]}
                  onTouchStart={[Function]}
                >
                  <div
                    className="mt-1 text-lg font-jost font-bold text-gray-900"
                  >
                    Book
                  </div>
                  <div>
                    <a
                      href="/dashboard"
                      onClick={[Function]}
                      onMouseEnter={[Function]}
                      onTouchStart={[Function]}
                    >
                      <div
                        className="mt-1 font-jost flex justify-between text-base font-small text-titleContent"
                      >
                        <svg
                          className="text-xl mr-8 text-blue-500"
                          fill="currentColor"
                          height="1em"
                          stroke="currentColor"
                          strokeWidth="0"
                          style={
                            Object {
                              "color": undefined,
                            }
                          }
                          viewBox="0 0 576 512"
                          width="1em"
                          xmlns="http://www.w3.org/2000/svg"
                        >
                          <path
                            d="M528.12 301.319l47.273-208C578.806 78.301 567.391 64 551.99 64H159.208l-9.166-44.81C147.758 8.021 137.93 0 126.529 0H24C10.745 0 0 10.745 0 24v16c0 13.255 10.745 24 24 24h69.883l70.248 343.435C147.325 417.1 136 435.222 136 456c0 30.928 25.072 56 56 56s56-25.072 56-56c0-15.674-6.447-29.835-16.824-40h209.647C430.447 426.165 424 440.326 424 456c0 30.928 25.072 56 56 56s56-25.072 56-56c0-22.172-12.888-41.332-31.579-50.405l5.517-24.276c3.413-15.018-8.002-29.319-23.403-29.319H218.117l-6.545-32h293.145c11.206 0 20.92-7.754 23.403-18.681z"
                          />
                        </svg>
                        $100
                      </div>
                    </a>
                    <a
                      href="/dashboard"
                      onClick={[Function]}
                      onMouseEnter={[Function]}
                      onTouchStart={[Function]}
                    >
                      <div
                        className="mt-1 font-jost flex justify-between text-base font-small text-titleContent"
                      >
                        <svg
                          className="text-lg mr-8 text-blue-500"
                          fill="currentColor"
                          height="1em"
                          role="img"
                          stroke="currentColor"
                          strokeWidth="0"
                          style={
                            Object {
                              "color": undefined,
                            }
                          }
                          viewBox="0 0 24 24"
                          width="1em"
                          xmlns="http://www.w3.org/2000/svg"
                        >
                          <title />
                          <path
                            d="M2.284 22.158c.001.95.679 1.752 1.62 1.792 1.31.055 2.623.022 3.935.022.954 0 1.786-.865 1.76-1.954-.029-1.221.018-2.445.029-3.667l.045-4.988c.003-.305.046-.362.335-.44a4.242 4.242 0 0 1 2.013-.067c1.23.262 2.129 1.21 2.261 2.46.066.62.07 1.249.078 1.874.025 1.64.038 3.28.054 4.921.01 1.087.796 1.877 1.883 1.882 1.171.006 2.342.008 3.513.007 1.106-.002 1.895-.778 1.898-1.883.007-3.371.007-6.742.01-10.113 0-.052 0-.105-.005-.156-.03-.355-.169-.658-.483-.838a2.638 2.638 0 0 0-.695-.291 7.484 7.484 0 0 0-2.887-.123c-.743.113-1.476.293-2.213.442-.97.196-1.946.28-2.934.178-1.268-.129-2.37-.666-3.402-1.38a32.36 32.36 0 0 0-1.494-.984c-.62-.38-1.314-.505-2.03-.544-.77-.043-1.536-.063-2.293.111-.59.136-.899.479-.966 1.077a3.438 3.438 0 0 0-.021.379m7.337-6.184a3.675 3.675 0 1 0-7.35-.031 3.675 3.675 0 0 0 7.35.03zm8.335-1.81a3.673 3.673 0 0 0-3.69 3.652 3.672 3.672 0 0 0 3.67 3.697 3.678 3.678 0 0 0 3.68-3.665 3.677 3.677 0 0 0-3.66-3.685Z"
                          />
                        </svg>
                         
                        $20
                        /
                        Day
                      </div>
                    </a>
                  </div>
                </a>
              </div>
              <a
                href="/offerType"
                onClick={[Function]}
                onMouseEnter={[Function]}
                onTouchStart={[Function]}
              >
                <div
                  className="flex justify-center text-center items-center font-jost font-bold rounded-full bg-secondaryGreen text-white text-sm w-[105px] h-[26px]"
                >
                  Sale & Borrow
                </div>
              </a>
            </div>
          </div>
        </div>
      </div>
    </div>
    <div>
      <div
        className=" bg-white"
      >
        <div
          className="mx-auto max-w-2xl   lg:max-w-7xl "
        >
          <div
            className="group relative"
          >
            <div
              className="relative w-full overflow-hidden rounded-md bg-gray-200  group-hover:opacity-75 lg:h-80"
            >
              <a
                href="/product/0"
                onClick={[Function]}
                onMouseEnter={[Function]}
                onTouchStart={[Function]}
              >
                <img
                  className="h-full w-full object-cover object-center lg:h-full lg:w-full"
                  data-nimg="1"
                  decoding="async"
                  height={500}
                  loading="lazy"
                  onError={[Function]}
                  onLoad={[Function]}
                  src="/_next/image?url=https%3A%2F%2Ftailwindui.com%2Fimg%2Fecommerce-images%2Fproduct-page-01-related-product-01.jpg&w=1080&q=75"
                  srcSet="/_next/image?url=https%3A%2F%2Ftailwindui.com%2Fimg%2Fecommerce-images%2Fproduct-page-01-related-product-01.jpg&w=640&q=75 1x, /_next/image?url=https%3A%2F%2Ftailwindui.com%2Fimg%2Fecommerce-images%2Fproduct-page-01-related-product-01.jpg&w=1080&q=75 2x"
                  style={
                    Object {
                      "color": "transparent",
                    }
                  }
                  width={500}
                />
              </a>
              <div
                className="absolute bottom-0 left-0 mt-6 text-black"
              >
                <div
                  className="relative"
                >
                  <img
                    alt="Item Condition"
                    className="z-0"
                    data-nimg="1"
                    decoding="async"
                    height={39}
                    loading="lazy"
                    onError={[Function]}
                    onLoad={[Function]}
                    src="/conditionLabelVector.svg"
                    style={
                      Object {
                        "color": "transparent",
                      }
                    }
                    width={139}
                  />
                  <div
                    className="font-jost font-extrabold text-sm text-bkg absolute bottom-1 left-2"
                  >
                    State
                    : 
                    7/10
                  </div>
                </div>
              </div>
               
            </div>
            <div
              className="mt-3 flex justify-between"
            >
              <div>
                <h3
                  className="font-jost text-sm font-semibold text-titleContent"
                >
                  <a
                    href="/category"
                    onClick={[Function]}
                    onMouseEnter={[Function]}
                    onTouchStart={[Function]}
                  >
                    <div
                      aria-hidden="true"
                    />
                    Books
                  </a>
                </h3>
                <a
                  href="/product/0"
                  onClick={[Function]}
                  onMouseEnter={[Function]}
                  onTouchStart={[Function]}
                >
                  <div
                    className="mt-1 text-lg font-jost font-bold text-gray-900"
                  >
                    Book
                  </div>
                  <div>
                    <a
                      href="/dashboard"
                      onClick={[Function]}
                      onMouseEnter={[Function]}
                      onTouchStart={[Function]}
                    >
                      <div
                        className="mt-1 font-jost flex justify-between text-base font-small text-titleContent"
                      >
                        <svg
                          className="text-xl mr-8 text-blue-500"
                          fill="currentColor"
                          height="1em"
                          stroke="currentColor"
                          strokeWidth="0"
                          style={
                            Object {
                              "color": undefined,
                            }
                          }
                          viewBox="0 0 576 512"
                          width="1em"
                          xmlns="http://www.w3.org/2000/svg"
                        >
                          <path
                            d="M528.12 301.319l47.273-208C578.806 78.301 567.391 64 551.99 64H159.208l-9.166-44.81C147.758 8.021 137.93 0 126.529 0H24C10.745 0 0 10.745 0 24v16c0 13.255 10.745 24 24 24h69.883l70.248 343.435C147.325 417.1 136 435.222 136 456c0 30.928 25.072 56 56 56s56-25.072 56-56c0-15.674-6.447-29.835-16.824-40h209.647C430.447 426.165 424 440.326 424 456c0 30.928 25.072 56 56 56s56-25.072 56-56c0-22.172-12.888-41.332-31.579-50.405l5.517-24.276c3.413-15.018-8.002-29.319-23.403-29.319H218.117l-6.545-32h293.145c11.206 0 20.92-7.754 23.403-18.681z"
                          />
                        </svg>
                        $100
                      </div>
                    </a>
                    <a
                      href="/dashboard"
                      onClick={[Function]}
                      onMouseEnter={[Function]}
                      onTouchStart={[Function]}
                    >
                      <div
                        className="mt-1 font-jost flex justify-between text-base font-small text-titleContent"
                      >
                        <svg
                          className="text-lg mr-8 text-blue-500"
                          fill="currentColor"
                          height="1em"
                          role="img"
                          stroke="currentColor"
                          strokeWidth="0"
                          style={
                            Object {
                              "color": undefined,
                            }
                          }
                          viewBox="0 0 24 24"
                          width="1em"
                          xmlns="http://www.w3.org/2000/svg"
                        >
                          <title />
                          <path
                            d="M2.284 22.158c.001.95.679 1.752 1.62 1.792 1.31.055 2.623.022 3.935.022.954 0 1.786-.865 1.76-1.954-.029-1.221.018-2.445.029-3.667l.045-4.988c.003-.305.046-.362.335-.44a4.242 4.242 0 0 1 2.013-.067c1.23.262 2.129 1.21 2.261 2.46.066.62.07 1.249.078 1.874.025 1.64.038 3.28.054 4.921.01 1.087.796 1.877 1.883 1.882 1.171.006 2.342.008 3.513.007 1.106-.002 1.895-.778 1.898-1.883.007-3.371.007-6.742.01-10.113 0-.052 0-.105-.005-.156-.03-.355-.169-.658-.483-.838a2.638 2.638 0 0 0-.695-.291 7.484 7.484 0 0 0-2.887-.123c-.743.113-1.476.293-2.213.442-.97.196-1.946.28-2.934.178-1.268-.129-2.37-.666-3.402-1.38a32.36 32.36 0 0 0-1.494-.984c-.62-.38-1.314-.505-2.03-.544-.77-.043-1.536-.063-2.293.111-.59.136-.899.479-.966 1.077a3.438 3.438 0 0 0-.021.379m7.337-6.184a3.675 3.675 0 1 0-7.35-.031 3.675 3.675 0 0 0 7.35.03zm8.335-1.81a3.673 3.673 0 0 0-3.69 3.652 3.672 3.672 0 0 0 3.67 3.697 3.678 3.678 0 0 0 3.68-3.665 3.677 3.677 0 0 0-3.66-3.685Z"
                          />
                        </svg>
                         
                        $20
                        /
                        Day
                      </div>
                    </a>
                  </div>
                </a>
              </div>
              <a
                href="/offerType"
                onClick={[Function]}
                onMouseEnter={[Function]}
                onTouchStart={[Function]}
              >
                <div
                  className="flex justify-center text-center items-center font-jost font-bold rounded-full bg-secondaryGreen text-white text-sm w-[105px] h-[26px]"
                >
                  Sale & Borrow
                </div>
              </a>
            </div>
          </div>
        </div>
      </div>
    </div>
    <div>
      <div
        className=" bg-white"
      >
        <div
          className="mx-auto max-w-2xl   lg:max-w-7xl "
        >
          <div
            className="group relative"
          >
            <div
              className="relative w-full overflow-hidden rounded-md bg-gray-200  group-hover:opacity-75 lg:h-80"
            >
              <a
                href="/product/0"
                onClick={[Function]}
                onMouseEnter={[Function]}
                onTouchStart={[Function]}
              >
                <img
                  className="h-full w-full object-cover object-center lg:h-full lg:w-full"
                  data-nimg="1"
                  decoding="async"
                  height={500}
                  loading="lazy"
                  onError={[Function]}
                  onLoad={[Function]}
                  src="/_next/image?url=https%3A%2F%2Ftailwindui.com%2Fimg%2Fecommerce-images%2Fproduct-page-01-related-product-01.jpg&w=1080&q=75"
                  srcSet="/_next/image?url=https%3A%2F%2Ftailwindui.com%2Fimg%2Fecommerce-images%2Fproduct-page-01-related-product-01.jpg&w=640&q=75 1x, /_next/image?url=https%3A%2F%2Ftailwindui.com%2Fimg%2Fecommerce-images%2Fproduct-page-01-related-product-01.jpg&w=1080&q=75 2x"
                  style={
                    Object {
                      "color": "transparent",
                    }
                  }
                  width={500}
                />
              </a>
              <div
                className="absolute bottom-0 left-0 mt-6 text-black"
              >
                <div
                  className="relative"
                >
                  <img
                    alt="Item Condition"
                    className="z-0"
                    data-nimg="1"
                    decoding="async"
                    height={39}
                    loading="lazy"
                    onError={[Function]}
                    onLoad={[Function]}
                    src="/conditionLabelVector.svg"
                    style={
                      Object {
                        "color": "transparent",
                      }
                    }
                    width={139}
                  />
                  <div
                    className="font-jost font-extrabold text-sm text-bkg absolute bottom-1 left-2"
                  >
                    State
                    : 
                    7/10
                  </div>
                </div>
              </div>
               
            </div>
            <div
              className="mt-3 flex justify-between"
            >
              <div>
                <h3
                  className="font-jost text-sm font-semibold text-titleContent"
                >
                  <a
                    href="/category"
                    onClick={[Function]}
                    onMouseEnter={[Function]}
                    onTouchStart={[Function]}
                  >
                    <div
                      aria-hidden="true"
                    />
                    Books
                  </a>
                </h3>
                <a
                  href="/product/0"
                  onClick={[Function]}
                  onMouseEnter={[Function]}
                  onTouchStart={[Function]}
                >
                  <div
                    className="mt-1 text-lg font-jost font-bold text-gray-900"
                  >
                    Book
                  </div>
                  <div>
                    <a
                      href="/dashboard"
                      onClick={[Function]}
                      onMouseEnter={[Function]}
                      onTouchStart={[Function]}
                    >
                      <div
                        className="mt-1 font-jost flex justify-between text-base font-small text-titleContent"
                      >
                        <svg
                          className="text-xl mr-8 text-blue-500"
                          fill="currentColor"
                          height="1em"
                          stroke="currentColor"
                          strokeWidth="0"
                          style={
                            Object {
                              "color": undefined,
                            }
                          }
                          viewBox="0 0 576 512"
                          width="1em"
                          xmlns="http://www.w3.org/2000/svg"
                        >
                          <path
                            d="M528.12 301.319l47.273-208C578.806 78.301 567.391 64 551.99 64H159.208l-9.166-44.81C147.758 8.021 137.93 0 126.529 0H24C10.745 0 0 10.745 0 24v16c0 13.255 10.745 24 24 24h69.883l70.248 343.435C147.325 417.1 136 435.222 136 456c0 30.928 25.072 56 56 56s56-25.072 56-56c0-15.674-6.447-29.835-16.824-40h209.647C430.447 426.165 424 440.326 424 456c0 30.928 25.072 56 56 56s56-25.072 56-56c0-22.172-12.888-41.332-31.579-50.405l5.517-24.276c3.413-15.018-8.002-29.319-23.403-29.319H218.117l-6.545-32h293.145c11.206 0 20.92-7.754 23.403-18.681z"
                          />
                        </svg>
                        $100
                      </div>
                    </a>
                    <a
                      href="/dashboard"
                      onClick={[Function]}
                      onMouseEnter={[Function]}
                      onTouchStart={[Function]}
                    >
                      <div
                        className="mt-1 font-jost flex justify-between text-base font-small text-titleContent"
                      >
                        <svg
                          className="text-lg mr-8 text-blue-500"
                          fill="currentColor"
                          height="1em"
                          role="img"
                          stroke="currentColor"
                          strokeWidth="0"
                          style={
                            Object {
                              "color": undefined,
                            }
                          }
                          viewBox="0 0 24 24"
                          width="1em"
                          xmlns="http://www.w3.org/2000/svg"
                        >
                          <title />
                          <path
                            d="M2.284 22.158c.001.95.679 1.752 1.62 1.792 1.31.055 2.623.022 3.935.022.954 0 1.786-.865 1.76-1.954-.029-1.221.018-2.445.029-3.667l.045-4.988c.003-.305.046-.362.335-.44a4.242 4.242 0 0 1 2.013-.067c1.23.262 2.129 1.21 2.261 2.46.066.62.07 1.249.078 1.874.025 1.64.038 3.28.054 4.921.01 1.087.796 1.877 1.883 1.882 1.171.006 2.342.008 3.513.007 1.106-.002 1.895-.778 1.898-1.883.007-3.371.007-6.742.01-10.113 0-.052 0-.105-.005-.156-.03-.355-.169-.658-.483-.838a2.638 2.638 0 0 0-.695-.291 7.484 7.484 0 0 0-2.887-.123c-.743.113-1.476.293-2.213.442-.97.196-1.946.28-2.934.178-1.268-.129-2.37-.666-3.402-1.38a32.36 32.36 0 0 0-1.494-.984c-.62-.38-1.314-.505-2.03-.544-.77-.043-1.536-.063-2.293.111-.59.136-.899.479-.966 1.077a3.438 3.438 0 0 0-.021.379m7.337-6.184a3.675 3.675 0 1 0-7.35-.031 3.675 3.675 0 0 0 7.35.03zm8.335-1.81a3.673 3.673 0 0 0-3.69 3.652 3.672 3.672 0 0 0 3.67 3.697 3.678 3.678 0 0 0 3.68-3.665 3.677 3.677 0 0 0-3.66-3.685Z"
                          />
                        </svg>
                         
                        $20
                        /
                        Day
                      </div>
                    </a>
                  </div>
                </a>
              </div>
              <a
                href="/offerType"
                onClick={[Function]}
                onMouseEnter={[Function]}
                onTouchStart={[Function]}
              >
                <div
                  className="flex justify-center text-center items-center font-jost font-bold rounded-full bg-secondaryGreen text-white text-sm w-[105px] h-[26px]"
                >
                  Sale & Borrow
                </div>
              </a>
            </div>
          </div>
        </div>
      </div>
    </div>
    <div>
      <div
        className=" bg-white"
      >
        <div
          className="mx-auto max-w-2xl   lg:max-w-7xl "
        >
          <div
            className="group relative"
          >
            <div
              className="relative w-full overflow-hidden rounded-md bg-gray-200  group-hover:opacity-75 lg:h-80"
            >
              <a
                href="/product/0"
                onClick={[Function]}
                onMouseEnter={[Function]}
                onTouchStart={[Function]}
              >
                <img
                  className="h-full w-full object-cover object-center lg:h-full lg:w-full"
                  data-nimg="1"
                  decoding="async"
                  height={500}
                  loading="lazy"
                  onError={[Function]}
                  onLoad={[Function]}
                  src="/_next/image?url=https%3A%2F%2Ftailwindui.com%2Fimg%2Fecommerce-images%2Fproduct-page-01-related-product-01.jpg&w=1080&q=75"
                  srcSet="/_next/image?url=https%3A%2F%2Ftailwindui.com%2Fimg%2Fecommerce-images%2Fproduct-page-01-related-product-01.jpg&w=640&q=75 1x, /_next/image?url=https%3A%2F%2Ftailwindui.com%2Fimg%2Fecommerce-images%2Fproduct-page-01-related-product-01.jpg&w=1080&q=75 2x"
                  style={
                    Object {
                      "color": "transparent",
                    }
                  }
                  width={500}
                />
              </a>
              <div
                className="absolute bottom-0 left-0 mt-6 text-black"
              >
                <div
                  className="relative"
                >
                  <img
                    alt="Item Condition"
                    className="z-0"
                    data-nimg="1"
                    decoding="async"
                    height={39}
                    loading="lazy"
                    onError={[Function]}
                    onLoad={[Function]}
                    src="/conditionLabelVector.svg"
                    style={
                      Object {
                        "color": "transparent",
                      }
                    }
                    width={139}
                  />
                  <div
                    className="font-jost font-extrabold text-sm text-bkg absolute bottom-1 left-2"
                  >
                    State
                    : 
                    7/10
                  </div>
                </div>
              </div>
               
            </div>
            <div
              className="mt-3 flex justify-between"
            >
              <div>
                <h3
                  className="font-jost text-sm font-semibold text-titleContent"
                >
                  <a
                    href="/category"
                    onClick={[Function]}
                    onMouseEnter={[Function]}
                    onTouchStart={[Function]}
                  >
                    <div
                      aria-hidden="true"
                    />
                    Books
                  </a>
                </h3>
                <a
                  href="/product/0"
                  onClick={[Function]}
                  onMouseEnter={[Function]}
                  onTouchStart={[Function]}
                >
                  <div
                    className="mt-1 text-lg font-jost font-bold text-gray-900"
                  >
                    Book
                  </div>
                  <div>
                    <a
                      href="/dashboard"
                      onClick={[Function]}
                      onMouseEnter={[Function]}
                      onTouchStart={[Function]}
                    >
                      <div
                        className="mt-1 font-jost flex justify-between text-base font-small text-titleContent"
                      >
                        <svg
                          className="text-xl mr-8 text-blue-500"
                          fill="currentColor"
                          height="1em"
                          stroke="currentColor"
                          strokeWidth="0"
                          style={
                            Object {
                              "color": undefined,
                            }
                          }
                          viewBox="0 0 576 512"
                          width="1em"
                          xmlns="http://www.w3.org/2000/svg"
                        >
                          <path
                            d="M528.12 301.319l47.273-208C578.806 78.301 567.391 64 551.99 64H159.208l-9.166-44.81C147.758 8.021 137.93 0 126.529 0H24C10.745 0 0 10.745 0 24v16c0 13.255 10.745 24 24 24h69.883l70.248 343.435C147.325 417.1 136 435.222 136 456c0 30.928 25.072 56 56 56s56-25.072 56-56c0-15.674-6.447-29.835-16.824-40h209.647C430.447 426.165 424 440.326 424 456c0 30.928 25.072 56 56 56s56-25.072 56-56c0-22.172-12.888-41.332-31.579-50.405l5.517-24.276c3.413-15.018-8.002-29.319-23.403-29.319H218.117l-6.545-32h293.145c11.206 0 20.92-7.754 23.403-18.681z"
                          />
                        </svg>
                        $100
                      </div>
                    </a>
                    <a
                      href="/dashboard"
                      onClick={[Function]}
                      onMouseEnter={[Function]}
                      onTouchStart={[Function]}
                    >
                      <div
                        className="mt-1 font-jost flex justify-between text-base font-small text-titleContent"
                      >
                        <svg
                          className="text-lg mr-8 text-blue-500"
                          fill="currentColor"
                          height="1em"
                          role="img"
                          stroke="currentColor"
                          strokeWidth="0"
                          style={
                            Object {
                              "color": undefined,
                            }
                          }
                          viewBox="0 0 24 24"
                          width="1em"
                          xmlns="http://www.w3.org/2000/svg"
                        >
                          <title />
                          <path
                            d="M2.284 22.158c.001.95.679 1.752 1.62 1.792 1.31.055 2.623.022 3.935.022.954 0 1.786-.865 1.76-1.954-.029-1.221.018-2.445.029-3.667l.045-4.988c.003-.305.046-.362.335-.44a4.242 4.242 0 0 1 2.013-.067c1.23.262 2.129 1.21 2.261 2.46.066.62.07 1.249.078 1.874.025 1.64.038 3.28.054 4.921.01 1.087.796 1.877 1.883 1.882 1.171.006 2.342.008 3.513.007 1.106-.002 1.895-.778 1.898-1.883.007-3.371.007-6.742.01-10.113 0-.052 0-.105-.005-.156-.03-.355-.169-.658-.483-.838a2.638 2.638 0 0 0-.695-.291 7.484 7.484 0 0 0-2.887-.123c-.743.113-1.476.293-2.213.442-.97.196-1.946.28-2.934.178-1.268-.129-2.37-.666-3.402-1.38a32.36 32.36 0 0 0-1.494-.984c-.62-.38-1.314-.505-2.03-.544-.77-.043-1.536-.063-2.293.111-.59.136-.899.479-.966 1.077a3.438 3.438 0 0 0-.021.379m7.337-6.184a3.675 3.675 0 1 0-7.35-.031 3.675 3.675 0 0 0 7.35.03zm8.335-1.81a3.673 3.673 0 0 0-3.69 3.652 3.672 3.672 0 0 0 3.67 3.697 3.678 3.678 0 0 0 3.68-3.665 3.677 3.677 0 0 0-3.66-3.685Z"
                          />
                        </svg>
                         
                        $20
                        /
                        Day
                      </div>
                    </a>
                  </div>
                </a>
              </div>
              <a
                href="/offerType"
                onClick={[Function]}
                onMouseEnter={[Function]}
                onTouchStart={[Function]}
              >
                <div
                  className="flex justify-center text-center items-center font-jost font-bold rounded-full bg-secondaryGreen text-white text-sm w-[105px] h-[26px]"
                >
                  Sale & Borrow
                </div>
              </a>
            </div>
          </div>
        </div>
      </div>
    </div>
    <div>
      <div
        className=" bg-white"
      >
        <div
          className="mx-auto max-w-2xl   lg:max-w-7xl "
        >
          <div
            className="group relative"
          >
            <div
              className="relative w-full overflow-hidden rounded-md bg-gray-200  group-hover:opacity-75 lg:h-80"
            >
              <a
                href="/product/0"
                onClick={[Function]}
                onMouseEnter={[Function]}
                onTouchStart={[Function]}
              >
                <img
                  className="h-full w-full object-cover object-center lg:h-full lg:w-full"
                  data-nimg="1"
                  decoding="async"
                  height={500}
                  loading="lazy"
                  onError={[Function]}
                  onLoad={[Function]}
                  src="/_next/image?url=https%3A%2F%2Ftailwindui.com%2Fimg%2Fecommerce-images%2Fproduct-page-01-related-product-01.jpg&w=1080&q=75"
                  srcSet="/_next/image?url=https%3A%2F%2Ftailwindui.com%2Fimg%2Fecommerce-images%2Fproduct-page-01-related-product-01.jpg&w=640&q=75 1x, /_next/image?url=https%3A%2F%2Ftailwindui.com%2Fimg%2Fecommerce-images%2Fproduct-page-01-related-product-01.jpg&w=1080&q=75 2x"
                  style={
                    Object {
                      "color": "transparent",
                    }
                  }
                  width={500}
                />
              </a>
              <div
                className="absolute bottom-0 left-0 mt-6 text-black"
              >
                <div
                  className="relative"
                >
                  <img
                    alt="Item Condition"
                    className="z-0"
                    data-nimg="1"
                    decoding="async"
                    height={39}
                    loading="lazy"
                    onError={[Function]}
                    onLoad={[Function]}
                    src="/conditionLabelVector.svg"
                    style={
                      Object {
                        "color": "transparent",
                      }
                    }
                    width={139}
                  />
                  <div
                    className="font-jost font-extrabold text-sm text-bkg absolute bottom-1 left-2"
                  >
                    State
                    : 
                    7/10
                  </div>
                </div>
              </div>
               
            </div>
            <div
              className="mt-3 flex justify-between"
            >
              <div>
                <h3
                  className="font-jost text-sm font-semibold text-titleContent"
                >
                  <a
                    href="/category"
                    onClick={[Function]}
                    onMouseEnter={[Function]}
                    onTouchStart={[Function]}
                  >
                    <div
                      aria-hidden="true"
                    />
                    Books
                  </a>
                </h3>
                <a
                  href="/product/0"
                  onClick={[Function]}
                  onMouseEnter={[Function]}
                  onTouchStart={[Function]}
                >
                  <div
                    className="mt-1 text-lg font-jost font-bold text-gray-900"
                  >
                    Book
                  </div>
                  <div>
                    <a
                      href="/dashboard"
                      onClick={[Function]}
                      onMouseEnter={[Function]}
                      onTouchStart={[Function]}
                    >
                      <div
                        className="mt-1 font-jost flex justify-between text-base font-small text-titleContent"
                      >
                        <svg
                          className="text-xl mr-8 text-blue-500"
                          fill="currentColor"
                          height="1em"
                          stroke="currentColor"
                          strokeWidth="0"
                          style={
                            Object {
                              "color": undefined,
                            }
                          }
                          viewBox="0 0 576 512"
                          width="1em"
                          xmlns="http://www.w3.org/2000/svg"
                        >
                          <path
                            d="M528.12 301.319l47.273-208C578.806 78.301 567.391 64 551.99 64H159.208l-9.166-44.81C147.758 8.021 137.93 0 126.529 0H24C10.745 0 0 10.745 0 24v16c0 13.255 10.745 24 24 24h69.883l70.248 343.435C147.325 417.1 136 435.222 136 456c0 30.928 25.072 56 56 56s56-25.072 56-56c0-15.674-6.447-29.835-16.824-40h209.647C430.447 426.165 424 440.326 424 456c0 30.928 25.072 56 56 56s56-25.072 56-56c0-22.172-12.888-41.332-31.579-50.405l5.517-24.276c3.413-15.018-8.002-29.319-23.403-29.319H218.117l-6.545-32h293.145c11.206 0 20.92-7.754 23.403-18.681z"
                          />
                        </svg>
                        $100
                      </div>
                    </a>
                    <a
                      href="/dashboard"
                      onClick={[Function]}
                      onMouseEnter={[Function]}
                      onTouchStart={[Function]}
                    >
                      <div
                        className="mt-1 font-jost flex justify-between text-base font-small text-titleContent"
                      >
                        <svg
                          className="text-lg mr-8 text-blue-500"
                          fill="currentColor"
                          height="1em"
                          role="img"
                          stroke="currentColor"
                          strokeWidth="0"
                          style={
                            Object {
                              "color": undefined,
                            }
                          }
                          viewBox="0 0 24 24"
                          width="1em"
                          xmlns="http://www.w3.org/2000/svg"
                        >
                          <title />
                          <path
                            d="M2.284 22.158c.001.95.679 1.752 1.62 1.792 1.31.055 2.623.022 3.935.022.954 0 1.786-.865 1.76-1.954-.029-1.221.018-2.445.029-3.667l.045-4.988c.003-.305.046-.362.335-.44a4.242 4.242 0 0 1 2.013-.067c1.23.262 2.129 1.21 2.261 2.46.066.62.07 1.249.078 1.874.025 1.64.038 3.28.054 4.921.01 1.087.796 1.877 1.883 1.882 1.171.006 2.342.008 3.513.007 1.106-.002 1.895-.778 1.898-1.883.007-3.371.007-6.742.01-10.113 0-.052 0-.105-.005-.156-.03-.355-.169-.658-.483-.838a2.638 2.638 0 0 0-.695-.291 7.484 7.484 0 0 0-2.887-.123c-.743.113-1.476.293-2.213.442-.97.196-1.946.28-2.934.178-1.268-.129-2.37-.666-3.402-1.38a32.36 32.36 0 0 0-1.494-.984c-.62-.38-1.314-.505-2.03-.544-.77-.043-1.536-.063-2.293.111-.59.136-.899.479-.966 1.077a3.438 3.438 0 0 0-.021.379m7.337-6.184a3.675 3.675 0 1 0-7.35-.031 3.675 3.675 0 0 0 7.35.03zm8.335-1.81a3.673 3.673 0 0 0-3.69 3.652 3.672 3.672 0 0 0 3.67 3.697 3.678 3.678 0 0 0 3.68-3.665 3.677 3.677 0 0 0-3.66-3.685Z"
                          />
                        </svg>
                         
                        $20
                        /
                        Day
                      </div>
                    </a>
                  </div>
                </a>
              </div>
              <a
                href="/offerType"
                onClick={[Function]}
                onMouseEnter={[Function]}
                onTouchStart={[Function]}
              >
                <div
                  className="flex justify-center text-center items-center font-jost font-bold rounded-full bg-secondaryGreen text-white text-sm w-[105px] h-[26px]"
                >
                  Sale & Borrow
                </div>
              </a>
            </div>
          </div>
        </div>
      </div>
    </div>
    <div>
      <div
        className=" bg-white"
      >
        <div
          className="mx-auto max-w-2xl   lg:max-w-7xl "
        >
          <div
            className="group relative"
          >
            <div
              className="relative w-full overflow-hidden rounded-md bg-gray-200  group-hover:opacity-75 lg:h-80"
            >
              <a
                href="/product/0"
                onClick={[Function]}
                onMouseEnter={[Function]}
                onTouchStart={[Function]}
              >
                <img
                  className="h-full w-full object-cover object-center lg:h-full lg:w-full"
                  data-nimg="1"
                  decoding="async"
                  height={500}
                  loading="lazy"
                  onError={[Function]}
                  onLoad={[Function]}
                  src="/_next/image?url=https%3A%2F%2Ftailwindui.com%2Fimg%2Fecommerce-images%2Fproduct-page-01-related-product-01.jpg&w=1080&q=75"
                  srcSet="/_next/image?url=https%3A%2F%2Ftailwindui.com%2Fimg%2Fecommerce-images%2Fproduct-page-01-related-product-01.jpg&w=640&q=75 1x, /_next/image?url=https%3A%2F%2Ftailwindui.com%2Fimg%2Fecommerce-images%2Fproduct-page-01-related-product-01.jpg&w=1080&q=75 2x"
                  style={
                    Object {
                      "color": "transparent",
                    }
                  }
                  width={500}
                />
              </a>
              <div
                className="absolute bottom-0 left-0 mt-6 text-black"
              >
                <div
                  className="relative"
                >
                  <img
                    alt="Item Condition"
                    className="z-0"
                    data-nimg="1"
                    decoding="async"
                    height={39}
                    loading="lazy"
                    onError={[Function]}
                    onLoad={[Function]}
                    src="/conditionLabelVector.svg"
                    style={
                      Object {
                        "color": "transparent",
                      }
                    }
                    width={139}
                  />
                  <div
                    className="font-jost font-extrabold text-sm text-bkg absolute bottom-1 left-2"
                  >
                    State
                    : 
                    7/10
                  </div>
                </div>
              </div>
               
            </div>
            <div
              className="mt-3 flex justify-between"
            >
              <div>
                <h3
                  className="font-jost text-sm font-semibold text-titleContent"
                >
                  <a
                    href="/category"
                    onClick={[Function]}
                    onMouseEnter={[Function]}
                    onTouchStart={[Function]}
                  >
                    <div
                      aria-hidden="true"
                    />
                    Books
                  </a>
                </h3>
                <a
                  href="/product/0"
                  onClick={[Function]}
                  onMouseEnter={[Function]}
                  onTouchStart={[Function]}
                >
                  <div
                    className="mt-1 text-lg font-jost font-bold text-gray-900"
                  >
                    Book
                  </div>
                  <div>
                    <a
                      href="/dashboard"
                      onClick={[Function]}
                      onMouseEnter={[Function]}
                      onTouchStart={[Function]}
                    >
                      <div
                        className="mt-1 font-jost flex justify-between text-base font-small text-titleContent"
                      >
                        <svg
                          className="text-xl mr-8 text-blue-500"
                          fill="currentColor"
                          height="1em"
                          stroke="currentColor"
                          strokeWidth="0"
                          style={
                            Object {
                              "color": undefined,
                            }
                          }
                          viewBox="0 0 576 512"
                          width="1em"
                          xmlns="http://www.w3.org/2000/svg"
                        >
                          <path
                            d="M528.12 301.319l47.273-208C578.806 78.301 567.391 64 551.99 64H159.208l-9.166-44.81C147.758 8.021 137.93 0 126.529 0H24C10.745 0 0 10.745 0 24v16c0 13.255 10.745 24 24 24h69.883l70.248 343.435C147.325 417.1 136 435.222 136 456c0 30.928 25.072 56 56 56s56-25.072 56-56c0-15.674-6.447-29.835-16.824-40h209.647C430.447 426.165 424 440.326 424 456c0 30.928 25.072 56 56 56s56-25.072 56-56c0-22.172-12.888-41.332-31.579-50.405l5.517-24.276c3.413-15.018-8.002-29.319-23.403-29.319H218.117l-6.545-32h293.145c11.206 0 20.92-7.754 23.403-18.681z"
                          />
                        </svg>
                        $100
                      </div>
                    </a>
                    <a
                      href="/dashboard"
                      onClick={[Function]}
                      onMouseEnter={[Function]}
                      onTouchStart={[Function]}
                    >
                      <div
                        className="mt-1 font-jost flex justify-between text-base font-small text-titleContent"
                      >
                        <svg
                          className="text-lg mr-8 text-blue-500"
                          fill="currentColor"
                          height="1em"
                          role="img"
                          stroke="currentColor"
                          strokeWidth="0"
                          style={
                            Object {
                              "color": undefined,
                            }
                          }
                          viewBox="0 0 24 24"
                          width="1em"
                          xmlns="http://www.w3.org/2000/svg"
                        >
                          <title />
                          <path
                            d="M2.284 22.158c.001.95.679 1.752 1.62 1.792 1.31.055 2.623.022 3.935.022.954 0 1.786-.865 1.76-1.954-.029-1.221.018-2.445.029-3.667l.045-4.988c.003-.305.046-.362.335-.44a4.242 4.242 0 0 1 2.013-.067c1.23.262 2.129 1.21 2.261 2.46.066.62.07 1.249.078 1.874.025 1.64.038 3.28.054 4.921.01 1.087.796 1.877 1.883 1.882 1.171.006 2.342.008 3.513.007 1.106-.002 1.895-.778 1.898-1.883.007-3.371.007-6.742.01-10.113 0-.052 0-.105-.005-.156-.03-.355-.169-.658-.483-.838a2.638 2.638 0 0 0-.695-.291 7.484 7.484 0 0 0-2.887-.123c-.743.113-1.476.293-2.213.442-.97.196-1.946.28-2.934.178-1.268-.129-2.37-.666-3.402-1.38a32.36 32.36 0 0 0-1.494-.984c-.62-.38-1.314-.505-2.03-.544-.77-.043-1.536-.063-2.293.111-.59.136-.899.479-.966 1.077a3.438 3.438 0 0 0-.021.379m7.337-6.184a3.675 3.675 0 1 0-7.35-.031 3.675 3.675 0 0 0 7.35.03zm8.335-1.81a3.673 3.673 0 0 0-3.69 3.652 3.672 3.672 0 0 0 3.67 3.697 3.678 3.678 0 0 0 3.68-3.665 3.677 3.677 0 0 0-3.66-3.685Z"
                          />
                        </svg>
                         
                        $20
                        /
                        Day
                      </div>
                    </a>
                  </div>
                </a>
              </div>
              <a
                href="/offerType"
                onClick={[Function]}
                onMouseEnter={[Function]}
                onTouchStart={[Function]}
              >
                <div
                  className="flex justify-center text-center items-center font-jost font-bold rounded-full bg-secondaryGreen text-white text-sm w-[105px] h-[26px]"
                >
                  Sale & Borrow
                </div>
              </a>
            </div>
          </div>
        </div>
      </div>
    </div>
    <div>
      <div
        className=" bg-white"
      >
        <div
          className="mx-auto max-w-2xl   lg:max-w-7xl "
        >
          <div
            className="group relative"
          >
            <div
              className="relative w-full overflow-hidden rounded-md bg-gray-200  group-hover:opacity-75 lg:h-80"
            >
              <a
                href="/product/0"
                onClick={[Function]}
                onMouseEnter={[Function]}
                onTouchStart={[Function]}
              >
                <img
                  className="h-full w-full object-cover object-center lg:h-full lg:w-full"
                  data-nimg="1"
                  decoding="async"
                  height={500}
                  loading="lazy"
                  onError={[Function]}
                  onLoad={[Function]}
                  src="/_next/image?url=https%3A%2F%2Ftailwindui.com%2Fimg%2Fecommerce-images%2Fproduct-page-01-related-product-01.jpg&w=1080&q=75"
                  srcSet="/_next/image?url=https%3A%2F%2Ftailwindui.com%2Fimg%2Fecommerce-images%2Fproduct-page-01-related-product-01.jpg&w=640&q=75 1x, /_next/image?url=https%3A%2F%2Ftailwindui.com%2Fimg%2Fecommerce-images%2Fproduct-page-01-related-product-01.jpg&w=1080&q=75 2x"
                  style={
                    Object {
                      "color": "transparent",
                    }
                  }
                  width={500}
                />
              </a>
              <div
                className="absolute bottom-0 left-0 mt-6 text-black"
              >
                <div
                  className="relative"
                >
                  <img
                    alt="Item Condition"
                    className="z-0"
                    data-nimg="1"
                    decoding="async"
                    height={39}
                    loading="lazy"
                    onError={[Function]}
                    onLoad={[Function]}
                    src="/conditionLabelVector.svg"
                    style={
                      Object {
                        "color": "transparent",
                      }
                    }
                    width={139}
                  />
                  <div
                    className="font-jost font-extrabold text-sm text-bkg absolute bottom-1 left-2"
                  >
                    State
                    : 
                    7/10
                  </div>
                </div>
              </div>
               
            </div>
            <div
              className="mt-3 flex justify-between"
            >
              <div>
                <h3
                  className="font-jost text-sm font-semibold text-titleContent"
                >
                  <a
                    href="/category"
                    onClick={[Function]}
                    onMouseEnter={[Function]}
                    onTouchStart={[Function]}
                  >
                    <div
                      aria-hidden="true"
                    />
                    Books
                  </a>
                </h3>
                <a
                  href="/product/0"
                  onClick={[Function]}
                  onMouseEnter={[Function]}
                  onTouchStart={[Function]}
                >
                  <div
                    className="mt-1 text-lg font-jost font-bold text-gray-900"
                  >
                    Book
                  </div>
                  <div>
                    <a
                      href="/dashboard"
                      onClick={[Function]}
                      onMouseEnter={[Function]}
                      onTouchStart={[Function]}
                    >
                      <div
                        className="mt-1 font-jost flex justify-between text-base font-small text-titleContent"
                      >
                        <svg
                          className="text-xl mr-8 text-blue-500"
                          fill="currentColor"
                          height="1em"
                          stroke="currentColor"
                          strokeWidth="0"
                          style={
                            Object {
                              "color": undefined,
                            }
                          }
                          viewBox="0 0 576 512"
                          width="1em"
                          xmlns="http://www.w3.org/2000/svg"
                        >
                          <path
                            d="M528.12 301.319l47.273-208C578.806 78.301 567.391 64 551.99 64H159.208l-9.166-44.81C147.758 8.021 137.93 0 126.529 0H24C10.745 0 0 10.745 0 24v16c0 13.255 10.745 24 24 24h69.883l70.248 343.435C147.325 417.1 136 435.222 136 456c0 30.928 25.072 56 56 56s56-25.072 56-56c0-15.674-6.447-29.835-16.824-40h209.647C430.447 426.165 424 440.326 424 456c0 30.928 25.072 56 56 56s56-25.072 56-56c0-22.172-12.888-41.332-31.579-50.405l5.517-24.276c3.413-15.018-8.002-29.319-23.403-29.319H218.117l-6.545-32h293.145c11.206 0 20.92-7.754 23.403-18.681z"
                          />
                        </svg>
                        $100
                      </div>
                    </a>
                    <a
                      href="/dashboard"
                      onClick={[Function]}
                      onMouseEnter={[Function]}
                      onTouchStart={[Function]}
                    >
                      <div
                        className="mt-1 font-jost flex justify-between text-base font-small text-titleContent"
                      >
                        <svg
                          className="text-lg mr-8 text-blue-500"
                          fill="currentColor"
                          height="1em"
                          role="img"
                          stroke="currentColor"
                          strokeWidth="0"
                          style={
                            Object {
                              "color": undefined,
                            }
                          }
                          viewBox="0 0 24 24"
                          width="1em"
                          xmlns="http://www.w3.org/2000/svg"
                        >
                          <title />
                          <path
                            d="M2.284 22.158c.001.95.679 1.752 1.62 1.792 1.31.055 2.623.022 3.935.022.954 0 1.786-.865 1.76-1.954-.029-1.221.018-2.445.029-3.667l.045-4.988c.003-.305.046-.362.335-.44a4.242 4.242 0 0 1 2.013-.067c1.23.262 2.129 1.21 2.261 2.46.066.62.07 1.249.078 1.874.025 1.64.038 3.28.054 4.921.01 1.087.796 1.877 1.883 1.882 1.171.006 2.342.008 3.513.007 1.106-.002 1.895-.778 1.898-1.883.007-3.371.007-6.742.01-10.113 0-.052 0-.105-.005-.156-.03-.355-.169-.658-.483-.838a2.638 2.638 0 0 0-.695-.291 7.484 7.484 0 0 0-2.887-.123c-.743.113-1.476.293-2.213.442-.97.196-1.946.28-2.934.178-1.268-.129-2.37-.666-3.402-1.38a32.36 32.36 0 0 0-1.494-.984c-.62-.38-1.314-.505-2.03-.544-.77-.043-1.536-.063-2.293.111-.59.136-.899.479-.966 1.077a3.438 3.438 0 0 0-.021.379m7.337-6.184a3.675 3.675 0 1 0-7.35-.031 3.675 3.675 0 0 0 7.35.03zm8.335-1.81a3.673 3.673 0 0 0-3.69 3.652 3.672 3.672 0 0 0 3.67 3.697 3.678 3.678 0 0 0 3.68-3.665 3.677 3.677 0 0 0-3.66-3.685Z"
                          />
                        </svg>
                         
                        $20
                        /
                        Day
                      </div>
                    </a>
                  </div>
                </a>
              </div>
              <a
                href="/offerType"
                onClick={[Function]}
                onMouseEnter={[Function]}
                onTouchStart={[Function]}
              >
                <div
                  className="flex justify-center text-center items-center font-jost font-bold rounded-full bg-secondaryGreen text-white text-sm w-[105px] h-[26px]"
                >
                  Sale & Borrow
                </div>
              </a>
            </div>
          </div>
        </div>
      </div>
    </div>
    <div>
      <div
        className=" bg-white"
      >
        <div
          className="mx-auto max-w-2xl   lg:max-w-7xl "
        >
          <div
            className="group relative"
          >
            <div
              className="relative w-full overflow-hidden rounded-md bg-gray-200  group-hover:opacity-75 lg:h-80"
            >
              <a
                href="/product/0"
                onClick={[Function]}
                onMouseEnter={[Function]}
                onTouchStart={[Function]}
              >
                <img
                  className="h-full w-full object-cover object-center lg:h-full lg:w-full"
                  data-nimg="1"
                  decoding="async"
                  height={500}
                  loading="lazy"
                  onError={[Function]}
                  onLoad={[Function]}
                  src="/_next/image?url=https%3A%2F%2Ftailwindui.com%2Fimg%2Fecommerce-images%2Fproduct-page-01-related-product-01.jpg&w=1080&q=75"
                  srcSet="/_next/image?url=https%3A%2F%2Ftailwindui.com%2Fimg%2Fecommerce-images%2Fproduct-page-01-related-product-01.jpg&w=640&q=75 1x, /_next/image?url=https%3A%2F%2Ftailwindui.com%2Fimg%2Fecommerce-images%2Fproduct-page-01-related-product-01.jpg&w=1080&q=75 2x"
                  style={
                    Object {
                      "color": "transparent",
                    }
                  }
                  width={500}
                />
              </a>
              <div
                className="absolute bottom-0 left-0 mt-6 text-black"
              >
                <div
                  className="relative"
                >
                  <img
                    alt="Item Condition"
                    className="z-0"
                    data-nimg="1"
                    decoding="async"
                    height={39}
                    loading="lazy"
                    onError={[Function]}
                    onLoad={[Function]}
                    src="/conditionLabelVector.svg"
                    style={
                      Object {
                        "color": "transparent",
                      }
                    }
                    width={139}
                  />
                  <div
                    className="font-jost font-extrabold text-sm text-bkg absolute bottom-1 left-2"
                  >
                    State
                    : 
                    7/10
                  </div>
                </div>
              </div>
               
            </div>
            <div
              className="mt-3 flex justify-between"
            >
              <div>
                <h3
                  className="font-jost text-sm font-semibold text-titleContent"
                >
                  <a
                    href="/category"
                    onClick={[Function]}
                    onMouseEnter={[Function]}
                    onTouchStart={[Function]}
                  >
                    <div
                      aria-hidden="true"
                    />
                    Books
                  </a>
                </h3>
                <a
                  href="/product/0"
                  onClick={[Function]}
                  onMouseEnter={[Function]}
                  onTouchStart={[Function]}
                >
                  <div
                    className="mt-1 text-lg font-jost font-bold text-gray-900"
                  >
                    Book
                  </div>
                  <div>
                    <a
                      href="/dashboard"
                      onClick={[Function]}
                      onMouseEnter={[Function]}
                      onTouchStart={[Function]}
                    >
                      <div
                        className="mt-1 font-jost flex justify-between text-base font-small text-titleContent"
                      >
                        <svg
                          className="text-xl mr-8 text-blue-500"
                          fill="currentColor"
                          height="1em"
                          stroke="currentColor"
                          strokeWidth="0"
                          style={
                            Object {
                              "color": undefined,
                            }
                          }
                          viewBox="0 0 576 512"
                          width="1em"
                          xmlns="http://www.w3.org/2000/svg"
                        >
                          <path
                            d="M528.12 301.319l47.273-208C578.806 78.301 567.391 64 551.99 64H159.208l-9.166-44.81C147.758 8.021 137.93 0 126.529 0H24C10.745 0 0 10.745 0 24v16c0 13.255 10.745 24 24 24h69.883l70.248 343.435C147.325 417.1 136 435.222 136 456c0 30.928 25.072 56 56 56s56-25.072 56-56c0-15.674-6.447-29.835-16.824-40h209.647C430.447 426.165 424 440.326 424 456c0 30.928 25.072 56 56 56s56-25.072 56-56c0-22.172-12.888-41.332-31.579-50.405l5.517-24.276c3.413-15.018-8.002-29.319-23.403-29.319H218.117l-6.545-32h293.145c11.206 0 20.92-7.754 23.403-18.681z"
                          />
                        </svg>
                        $100
                      </div>
                    </a>
                    <a
                      href="/dashboard"
                      onClick={[Function]}
                      onMouseEnter={[Function]}
                      onTouchStart={[Function]}
                    >
                      <div
                        className="mt-1 font-jost flex justify-between text-base font-small text-titleContent"
                      >
                        <svg
                          className="text-lg mr-8 text-blue-500"
                          fill="currentColor"
                          height="1em"
                          role="img"
                          stroke="currentColor"
                          strokeWidth="0"
                          style={
                            Object {
                              "color": undefined,
                            }
                          }
                          viewBox="0 0 24 24"
                          width="1em"
                          xmlns="http://www.w3.org/2000/svg"
                        >
                          <title />
                          <path
                            d="M2.284 22.158c.001.95.679 1.752 1.62 1.792 1.31.055 2.623.022 3.935.022.954 0 1.786-.865 1.76-1.954-.029-1.221.018-2.445.029-3.667l.045-4.988c.003-.305.046-.362.335-.44a4.242 4.242 0 0 1 2.013-.067c1.23.262 2.129 1.21 2.261 2.46.066.62.07 1.249.078 1.874.025 1.64.038 3.28.054 4.921.01 1.087.796 1.877 1.883 1.882 1.171.006 2.342.008 3.513.007 1.106-.002 1.895-.778 1.898-1.883.007-3.371.007-6.742.01-10.113 0-.052 0-.105-.005-.156-.03-.355-.169-.658-.483-.838a2.638 2.638 0 0 0-.695-.291 7.484 7.484 0 0 0-2.887-.123c-.743.113-1.476.293-2.213.442-.97.196-1.946.28-2.934.178-1.268-.129-2.37-.666-3.402-1.38a32.36 32.36 0 0 0-1.494-.984c-.62-.38-1.314-.505-2.03-.544-.77-.043-1.536-.063-2.293.111-.59.136-.899.479-.966 1.077a3.438 3.438 0 0 0-.021.379m7.337-6.184a3.675 3.675 0 1 0-7.35-.031 3.675 3.675 0 0 0 7.35.03zm8.335-1.81a3.673 3.673 0 0 0-3.69 3.652 3.672 3.672 0 0 0 3.67 3.697 3.678 3.678 0 0 0 3.68-3.665 3.677 3.677 0 0 0-3.66-3.685Z"
                          />
                        </svg>
                         
                        $20
                        /
                        Day
                      </div>
                    </a>
                  </div>
                </a>
              </div>
              <a
                href="/offerType"
                onClick={[Function]}
                onMouseEnter={[Function]}
                onTouchStart={[Function]}
              >
                <div
                  className="flex justify-center text-center items-center font-jost font-bold rounded-full bg-secondaryGreen text-white text-sm w-[105px] h-[26px]"
                >
                  Sale & Borrow
                </div>
              </a>
            </div>
          </div>
        </div>
      </div>
    </div>
  </div>
</div>
`;
