// Jest Snapshot v1, https://goo.gl/fbAQLP

exports[`renders correctly 1`] = `
<div
  className="font-lato font-semibold text-lg uppercase w-72 h-64 md:ml-5 xl:ml-32 mt-10 bg-bkg text-titleContent p-4 pl-0 hidden sm:block"
>
  <a
    href="/dashboard?type=borrowings"
    onClick={[Function]}
    onMouseEnter={[Function]}
    onTouchStart={[Function]}
  >
    <div
      className="flex justify-start items-center mb-4 pl-7 hover:bg-accent hover:text-bkg h-16 "
    >
      borrowings
    </div>
  </a>
  <a
    href="/dashboard?type=lendings"
    onClick={[Function]}
    onMouseEnter={[Function]}
    onTouchStart={[Function]}
  >
    <div
      className="flex justify-start items-center mb-4 pl-7 hover:bg-accent hover:text-bkg h-16 "
    >
      lendings
    </div>
  </a>
  <a
    href="/dashboard?type=purchases"
    onClick={[Function]}
    onMouseEnter={[Function]}
    onTouchStart={[Function]}
  >
    <div
      className="flex justify-start items-center mb-4 pl-7 hover:bg-accent hover:text-bkg h-16 "
    >
      purchases
    </div>
  </a>
  <a
    href="/dashboard?type=sales"
    onClick={[Function]}
    onMouseEnter={[Function]}
    onTouchStart={[Function]}
  >
    <div
      className="flex justify-start items-center mb-4 pl-7 hover:bg-accent hover:text-bkg h-16 "
    >
      sales
    </div>
  </a>
  <a
    href="/dashboard?type=List an Item"
    onClick={[Function]}
    onMouseEnter={[Function]}
    onTouchStart={[Function]}
  >
    <div
      className="flex justify-start items-center mb-4 pl-7 hover:bg-accent hover:text-bkg h-16 "
    >
      List an Item
    </div>
  </a>
</div>
`;
