// Jest Snapshot v1, https://goo.gl/fbAQLP

exports[`renders correctly 1`] = `
<div
  className="font-lato font-semibold text-xl uppercase w-96 h-72 ml-24 bg-bkg text-titleContent p-4 hidden sm:block"
>
  <a
    href="/dashboard?type=borrowings"
    onClick={[Function]}
    onMouseEnter={[Function]}
    onTouchStart={[Function]}
  >
    <div
      className="flex justify-center items-center mb-4 hover:bg-accent hover:text-bkg h-20 "
    >
      borrowings
    </div>
  </a>
  <a
    href="/dashboard?type=lendings"
    onClick={[Function]}
    onMouseEnter={[Function]}
    onTouchStart={[Function]}
  >
    <div
      className="flex justify-center items-center mb-4 hover:bg-accent hover:text-bkg h-20 "
    >
      lendings
    </div>
  </a>
  <a
    href="/dashboard?type=purchases"
    onClick={[Function]}
    onMouseEnter={[Function]}
    onTouchStart={[Function]}
  >
    <div
      className="flex justify-center items-center mb-4 hover:bg-accent hover:text-bkg h-20 "
    >
      purchases
    </div>
  </a>
  <a
    href="/dashboard?type=sales"
    onClick={[Function]}
    onMouseEnter={[Function]}
    onTouchStart={[Function]}
  >
    <div
      className="flex justify-center items-center mb-4 hover:bg-accent hover:text-bkg h-20 "
    >
      sales
    </div>
  </a>
  <a
    href="/dashboard?type=List an Item"
    onClick={[Function]}
    onMouseEnter={[Function]}
    onTouchStart={[Function]}
  >
    <div
      className="flex justify-center items-center mb-4 hover:bg-accent hover:text-bkg h-20 "
    >
      List an Item
    </div>
  </a>
</div>
`;
