// Jest Snapshot v1, https://goo.gl/fbAQLP

exports[`renders correctly 1`] = `
<div
  className="flex justify-start  ml-10 mb-4 items-center space-x-5"
>
  <svg
    className="w-24 h-24 border rounded-full border-content text-accent2 p-2 bg-white"
    fill="currentColor"
    height="1em"
    stroke="currentColor"
    strokeWidth="0"
    style={
      Object {
        "color": undefined,
      }
    }
    viewBox="0 0 16 16"
    width="1em"
    xmlns="http://www.w3.org/2000/svg"
  >
    <path
      d="M8 8a3 3 0 1 0 0-6 3 3 0 0 0 0 6Zm2-3a2 2 0 1 1-4 0 2 2 0 0 1 4 0Zm4 8c0 1-1 1-1 1H3s-1 0-1-1 1-4 6-4 6 3 6 4Zm-1-.004c-.001-.246-.154-.986-.832-1.664C11.516 10.68 10.289 10 8 10c-2.29 0-3.516.68-4.168 1.332-.678.678-.83 1.418-.832 1.664h10Z"
    />
  </svg>
  <div>
    <label
      className="bg-accent rounded-md text-white px-5 py-2 tracking-tight font-bold shadow-sm cursor-pointer"
      htmlFor="upload-button-image"
    >
      Upload Image
    </label>
    <input
      id="upload-button-image"
      onChange={[Function]}
      style={
        Object {
          "display": "none",
        }
      }
      type="file"
    />
  </div>
</div>
`;
