// Jest Snapshot v1, https://goo.gl/fbAQLP

exports[`renders correctly 1`] = `
<div
  className="flex flex-col mt-32"
>
  <div
    className="mt-4 grid grid-cols-1 gap-4 sm:grid-cols-2 lg:grid-cols-3 xl:grid-cols-4 justify-center font-lato"
  >
    <div
      className="flex items-start rounded-xl bg-white p-4 shadow-lg hover:scale-105"
      style={
        Object {
          "width": "283px",
        }
      }
    >
      <div
        className="flex  mx-4 p-1  h-12 w-12 items-center justify-center rounded-full border border-blue-100 bg-blue-50"
      >
        <svg
          className="h-6 w-6  text-blue-400"
          fill="currentColor"
          height="1em"
          stroke="currentColor"
          strokeWidth="0"
          style={
            Object {
              "color": undefined,
            }
          }
          viewBox="0 0 512 512"
          width="1em"
          xmlns="http://www.w3.org/2000/svg"
        >
          <path
            d="M80 368H16a16 16 0 0 0-16 16v64a16 16 0 0 0 16 16h64a16 16 0 0 0 16-16v-64a16 16 0 0 0-16-16zm0-320H16A16 16 0 0 0 0 64v64a16 16 0 0 0 16 16h64a16 16 0 0 0 16-16V64a16 16 0 0 0-16-16zm0 160H16a16 16 0 0 0-16 16v64a16 16 0 0 0 16 16h64a16 16 0 0 0 16-16v-64a16 16 0 0 0-16-16zm416 176H176a16 16 0 0 0-16 16v32a16 16 0 0 0 16 16h320a16 16 0 0 0 16-16v-32a16 16 0 0 0-16-16zm0-320H176a16 16 0 0 0-16 16v32a16 16 0 0 0 16 16h320a16 16 0 0 0 16-16V80a16 16 0 0 0-16-16zm0 160H176a16 16 0 0 0-16 16v32a16 16 0 0 0 16 16h320a16 16 0 0 0 16-16v-32a16 16 0 0 0-16-16z"
          />
        </svg>
      </div>
      <div
        className="ml-4"
      >
        <p
          className="font-semibold uppercase text-12 md:text-25"
        >
          Comprehensive Catalog
        </p>
        <p
          className="mt-2 text-sm text-gray-500"
        >
          Access a diverse range of academic essentials for various student needs.
        </p>
      </div>
    </div>
    <div
      className="flex items-start rounded-xl bg-white p-4 shadow-lg hover:scale-105"
      style={
        Object {
          "width": "283px",
        }
      }
    >
      <div
        className="flex mx-4 p-1 h-12 w-12 items-center justify-center rounded-full border border-orange-100 bg-orange-50"
      >
        <svg
          className="h-6 w-6 text-orange-400"
          fill="currentColor"
          height="1em"
          stroke="currentColor"
          strokeWidth="0"
          style={
            Object {
              "color": undefined,
            }
          }
          viewBox="0 0 448 512"
          width="1em"
          xmlns="http://www.w3.org/2000/svg"
        >
          <path
            d="M352 160v-32C352 57.42 294.579 0 224 0 153.42 0 96 57.42 96 128v32H0v272c0 44.183 35.817 80 80 80h288c44.183 0 80-35.817 80-80V160h-96zm-192-32c0-35.29 28.71-64 64-64s64 28.71 64 64v32H160v-32zm160 120c-13.255 0-24-10.745-24-24s10.745-24 24-24 24 10.745 24 24-10.745 24-24 24zm-192 0c-13.255 0-24-10.745-24-24s10.745-24 24-24 24 10.745 24 24-10.745 24-24 24z"
          />
        </svg>
      </div>
      <div
        className="ml-4"
      >
        <p
          className="font-semibold uppercase text-12 md:text-25"
        >
          Buy, Sell, Borrow
        </p>
        <p
          className="mt-2 text-sm text-gray-500"
        >
          Seamlessly buy, sell, or borrow items for flexible access to materials.
        </p>
      </div>
    </div>
    <div
      className="flex items-start rounded-xl bg-white p-4 shadow-lg hover:scale-105"
      style={
        Object {
          "width": "283px",
        }
      }
    >
      <div
        className="flex mx-4 p-1 h-12 w-12 items-center justify-center rounded-full border border-green-100 bg-green-50"
      >
        <svg
          className="h-6 w-6 text-green-400"
          fill="currentColor"
          height="1em"
          stroke="currentColor"
          strokeWidth="0"
          style={
            Object {
              "color": undefined,
            }
          }
          viewBox="0 0 496 512"
          width="1em"
          xmlns="http://www.w3.org/2000/svg"
        >
          <path
            d="M248 8C111 8 0 119 0 256s111 248 248 248 248-111 248-248S385 8 248 8zm0 448c-110.3 0-200-89.7-200-200S137.7 56 248 56s200 89.7 200 200-89.7 200-200 200zm-80-216c17.7 0 32-14.3 32-32s-14.3-32-32-32-32 14.3-32 32 14.3 32 32 32zm160 0c17.7 0 32-14.3 32-32s-14.3-32-32-32-32 14.3-32 32 14.3 32 32 32zm4 72.6c-20.8 25-51.5 39.4-84 39.4s-63.2-14.3-84-39.4c-8.5-10.2-23.7-11.5-33.8-3.1-10.2 8.5-11.5 23.6-3.1 33.8 30 36 74.1 56.6 120.9 56.6s90.9-20.6 120.9-56.6c8.5-10.2 7.1-25.3-3.1-33.8-10.1-8.4-25.3-7.1-33.8 3.1z"
          />
        </svg>
      </div>
      <div
        className="ml-4"
      >
        <p
          className="font-semibold uppercase text-12 md:text-25"
        >
          User-Friendly Experience
           
        </p>
        <p
          className="mt-2 text-sm text-gray-500"
        >
           
          Enjoy easy navigation and quick access to academic resources.
        </p>
      </div>
    </div>
    <div
      className="flex items-start rounded-xl bg-white p-4 shadow-lg hover:scale-105"
      style={
        Object {
          "width": "283px",
        }
      }
    >
      <div
        className="flex mx-4 p-1 h-12 w-12 items-center justify-center rounded-full border border-red-100 bg-red-50"
      >
        <svg
          className="h-6 w-6 text-red-400"
          fill="currentColor"
          height="1em"
          stroke="currentColor"
          strokeWidth="0"
          style={
            Object {
              "color": undefined,
            }
          }
          viewBox="0 0 512 512"
          width="1em"
          xmlns="http://www.w3.org/2000/svg"
        >
          <path
            d="M104 224H24c-13.255 0-24 10.745-24 24v240c0 13.255 10.745 24 24 24h80c13.255 0 24-10.745 24-24V248c0-13.255-10.745-24-24-24zM64 472c-13.255 0-24-10.745-24-24s10.745-24 24-24 24 10.745 24 24-10.745 24-24 24zM384 81.452c0 42.416-25.97 66.208-33.277 94.548h101.723c33.397 0 59.397 27.746 59.553 58.098.084 17.938-7.546 37.249-19.439 49.197l-.11.11c9.836 23.337 8.237 56.037-9.308 79.469 8.681 25.895-.069 57.704-16.382 74.757 4.298 17.598 2.244 32.575-6.148 44.632C440.202 511.587 389.616 512 346.839 512l-2.845-.001c-48.287-.017-87.806-17.598-119.56-31.725-15.957-7.099-36.821-15.887-52.651-16.178-6.54-.12-11.783-5.457-11.783-11.998v-213.77c0-3.2 1.282-6.271 3.558-8.521 39.614-39.144 56.648-80.587 89.117-113.111 14.804-14.832 20.188-37.236 25.393-58.902C282.515 39.293 291.817 0 312 0c24 0 72 8 72 81.452z"
          />
        </svg>
      </div>
      <div
        className="ml-4"
      >
        <p
          className="font-semibold uppercase text-12 md:text-25"
        >
          Community Support Initiative
           
        </p>
        <p
          className="mt-2 text-sm text-gray-500"
        >
           
          Engage in supporting fellow students through dedicated programs, fostering a sense of community.
        </p>
      </div>
    </div>
  </div>
</div>
`;
